Sep-28 12:03:30.040 [main] DEBUG nextflow.cli.Launcher - $> nextflow run main.nf -c conf/nextflow.config -resume --manifestPath /home/faramir/repos/neondisco-jet/infoDir/379T_nf_manifest.tsv --outputDir /home/faramir/data/neondisco-jet/nf_outputs -with-dag pipeline_dag.mmd
Sep-28 12:03:30.138 [main] DEBUG nextflow.cli.CmdRun - N E X T F L O W  ~  version 26.04.6
Sep-28 12:03:30.162 [main] DEBUG nextflow.plugin.PluginsFacade - Setting up plugin manager > mode=prod; embedded=false; plugins-dir=/home/faramir/.nextflow/plugins; core-plugins: nf-amazon@3.9.2,nf-azure@1.22.6,nf-cloudcache@0.6.0,nf-codecommit@0.5.3,nf-console@1.3.0,nf-google@1.27.3,nf-k8s@1.5.4,nf-seqera@0.21.1,nf-tower@1.28.2,nf-wave@1.21.0
Sep-28 12:03:30.188 [main] INFO  o.pf4j.DefaultPluginStatusProvider - Enabled plugins: []
Sep-28 12:03:30.189 [main] INFO  o.pf4j.DefaultPluginStatusProvider - Disabled plugins: []
Sep-28 12:03:30.192 [main] INFO  org.pf4j.DefaultPluginManager - PF4J version 3.14.1 in 'deployment' mode
Sep-28 12:03:30.209 [main] DEBUG nextflow.util.RetryConfig - Missing nextflow session - using default retry config
Sep-28 12:03:30.369 [main] DEBUG nextflow.plugin.PluginUpdater - Using plugin repository: HttpPluginRepository [registry]; url=https://registry.nextflow.io/api
Sep-28 12:03:30.374 [main] INFO  org.pf4j.AbstractPluginManager - No plugins
Sep-28 12:03:30.409 [main] DEBUG nextflow.config.ConfigBuilder - User config file: /home/faramir/repos/neondisco-jet/nextflow/nextflow-folder/conf/nextflow.config
Sep-28 12:03:30.411 [main] DEBUG nextflow.config.ConfigBuilder - Parsing config file: /home/faramir/repos/neondisco-jet/nextflow/nextflow-folder/conf/nextflow.config
Sep-28 12:03:30.415 [main] DEBUG nextflow.config.ConfigParserFactory - Using config parser v2
Sep-28 12:03:30.433 [main] DEBUG nextflow.config.ConfigBuilder - Applying config profile: `standard`
Sep-28 12:03:30.925 [main] DEBUG nextflow.plugin.PluginsFacade - Plugins default=[]
Sep-28 12:03:30.925 [main] DEBUG nextflow.plugin.PluginsFacade - Plugins resolved requirement=[]
Sep-28 12:03:30.943 [main] DEBUG n.secret.LocalSecretsProvider - Secrets store: /home/faramir/.nextflow/secrets/store.json
Sep-28 12:03:30.946 [main] DEBUG nextflow.secret.SecretsLoader - Discovered secrets providers: [nextflow.secret.LocalSecretsProvider@7a485a36] - activable => nextflow.secret.LocalSecretsProvider@7a485a36
Sep-28 12:03:30.962 [main] DEBUG nextflow.cli.CmdRun - Launching `main.nf` [ecstatic_lagrange] - revision: 2bd133c319
Sep-28 12:03:31.045 [main] DEBUG nextflow.Session - Session UUID: e85aa53a-c06e-471f-8122-ed9a486c4577
Sep-28 12:03:31.045 [main] DEBUG nextflow.Session - Run name: ecstatic_lagrange
Sep-28 12:03:31.046 [main] DEBUG nextflow.Session - Executor pool size: 48
Sep-28 12:03:31.054 [main] DEBUG nextflow.file.FilePorter - File porter settings maxRetries=3; maxTransfers=50; pollTimeout=null
Sep-28 12:03:31.060 [main] DEBUG nextflow.util.ThreadPoolBuilder - Creating thread pool 'FileTransfer' minSize=10; maxSize=144; workQueue=LinkedBlockingQueue[-1]; allowCoreThreadTimeout=false
Sep-28 12:03:31.085 [main] DEBUG nextflow.cli.CmdRun - 
  Version: 26.04.6 build 12646
  Created: 09-07-2026 18:49 UTC 
  System: Linux 6.8.0-142-generic
  Runtime: Groovy 4.0.31 on OpenJDK 64-Bit Server VM 25.0.2-internal-adhoc.rattler.src
  Encoding: UTF-8 (UTF-8)
  Process: 2038135@crmy-penguin [127.0.1.1]
  CPUs: 48 - Mem: 125.5 GB (52.8 GB) - Swap: 8 GB (2.2 GB)
Sep-28 12:03:31.118 [main] DEBUG nextflow.Session - Work-dir: /GB/faramir/neondisco-jet/nf_work [ext2/ext3]
Sep-28 12:03:31.154 [main] DEBUG nextflow.executor.ExecutorFactory - Extension executors providers=[]
Sep-28 12:03:31.165 [main] DEBUG nextflow.Session - Observer factory (v2): LinObserverFactory
Sep-28 12:03:31.167 [main] DEBUG nextflow.Session - Observer factory (v2): DefaultObserverFactory
Sep-28 12:03:31.216 [main] DEBUG nextflow.cache.CacheFactory - Using Nextflow cache factory: nextflow.cache.DefaultCacheFactory
Sep-28 12:03:31.228 [main] DEBUG nextflow.util.CustomThreadPool - Creating default thread pool > poolSize: 49; maxThreads: 1000
Sep-28 12:03:31.330 [main] DEBUG nextflow.Session - Session start
Sep-28 12:03:31.339 [main] DEBUG nextflow.trace.TraceFileObserver - Workflow started -- trace file: /home/faramir/data/neondisco-jet/nf_outputs/reports/trace.txt
Sep-28 12:03:31.342 [main] DEBUG nextflow.script.ScriptLoaderFactory - Using script parser v2
Sep-28 12:03:32.098 [main] DEBUG nextflow.script.ScriptRunner - > Launching execution
Sep-28 12:03:32.344 [main] INFO  nextflow.Nextflow - Using existing STAR index: /home/faramir/data/neondisco-jet/starIndexes_2.7.11b/star_index
Sep-28 12:03:32.380 [main] DEBUG n.script.dsl.ProcessConfigBuilder - Config settings `withLabel:qcReadsFastQC` matches labels `qcReadsFastQC` for process with name QC_RAW
Sep-28 12:03:32.385 [main] DEBUG nextflow.executor.ExecutorFactory - << taskConfig executor: local
Sep-28 12:03:32.385 [main] DEBUG nextflow.executor.ExecutorFactory - >> processorType: 'local'
Sep-28 12:03:32.397 [main] DEBUG nextflow.executor.Executor - [warm up] executor > local
Sep-28 12:03:32.415 [main] DEBUG n.processor.LocalPollingMonitor - Creating local task monitor for executor 'local' > cpus=48; memory=125.5 GB; capacity=48; pollInterval=100ms; dumpInterval=5m
Sep-28 12:03:32.420 [main] DEBUG n.processor.TaskPollingMonitor - >>> barrier register (monitor: local)
Sep-28 12:03:32.469 [main] DEBUG nextflow.processor.TaskProcessor - Creating process 'QC_RAW': maxForks=0; fair=false; array=0
Sep-28 12:03:32.509 [main] DEBUG n.script.dsl.ProcessConfigBuilder - Config settings `withLabel:trimReads` matches labels `trimReads` for process with name TRIM_READS_FASTP
Sep-28 12:03:32.510 [main] DEBUG nextflow.executor.ExecutorFactory - << taskConfig executor: local
Sep-28 12:03:32.511 [main] DEBUG nextflow.executor.ExecutorFactory - >> processorType: 'local'
Sep-28 12:03:32.512 [main] DEBUG nextflow.processor.TaskProcessor - Creating process 'TRIM_READS_FASTP': maxForks=0; fair=false; array=0
Sep-28 12:03:32.517 [main] DEBUG n.script.dsl.ProcessConfigBuilder - Config settings `withLabel:qcReadsFastQC` matches labels `qcReadsFastQC` for process with name QC_TRIMMED
Sep-28 12:03:32.518 [main] DEBUG nextflow.executor.ExecutorFactory - << taskConfig executor: local
Sep-28 12:03:32.518 [main] DEBUG nextflow.executor.ExecutorFactory - >> processorType: 'local'
Sep-28 12:03:32.520 [main] DEBUG nextflow.processor.TaskProcessor - Creating process 'QC_TRIMMED': maxForks=0; fair=false; array=0
Sep-28 12:03:32.526 [main] DEBUG n.script.dsl.ProcessConfigBuilder - Config settings `withLabel:alignReadsStar` matches labels `alignReadsStar` for process with name ALIGN_READS_STAR
Sep-28 12:03:32.527 [main] DEBUG nextflow.executor.ExecutorFactory - << taskConfig executor: local
Sep-28 12:03:32.527 [main] DEBUG nextflow.executor.ExecutorFactory - >> processorType: 'local'
Sep-28 12:03:32.528 [main] DEBUG nextflow.processor.TaskProcessor - Creating process 'ALIGN_READS_STAR': maxForks=0; fair=false; array=0
Sep-28 12:03:32.532 [main] DEBUG nextflow.Session - Process names: TRIM_READS_FASTP, QC_READS_FASTQC, QC_TRIMMED, BUILD_STAR_INDEX, QC_RAW, ALIGN_READS_STAR
Sep-28 12:03:32.535 [main] DEBUG nextflow.Session - Igniting dataflow network (6)
Sep-28 12:03:32.541 [main] DEBUG nextflow.processor.TaskProcessor - Starting process > QC_RAW
Sep-28 12:03:32.542 [main] DEBUG nextflow.processor.TaskProcessor - Starting process > TRIM_READS_FASTP
Sep-28 12:03:32.542 [main] DEBUG nextflow.processor.TaskProcessor - Starting process > QC_TRIMMED
Sep-28 12:03:32.543 [main] DEBUG nextflow.processor.TaskProcessor - Starting process > ALIGN_READS_STAR
Sep-28 12:03:32.543 [main] DEBUG nextflow.script.ScriptRunner - Parsed script files:
  _nf_script_bfd5dc686c3c5000: /home/faramir/repos/neondisco-jet/nextflow/nextflow-folder/modules/qc_reads_fastqc.nf
  Main: /home/faramir/repos/neondisco-jet/nextflow/nextflow-folder/main.nf
  _nf_script_c3f3f61190736e02: /home/faramir/repos/neondisco-jet/nextflow/nextflow-folder/modules/align_reads_star.nf
  _nf_script_0826bf2fc71b807c: /home/faramir/repos/neondisco-jet/nextflow/nextflow-folder/modules/trim_reads_fastp.nf
  _nf_script_bbca9bfc9674c875: /home/faramir/repos/neondisco-jet/nextflow/nextflow-folder/modules/build_star_index.nf
Sep-28 12:03:32.543 [main] DEBUG nextflow.script.ScriptRunner - > Awaiting termination 
Sep-28 12:03:32.543 [main] DEBUG nextflow.Session - Session await
Sep-28 12:03:32.711 [Actor Thread 19] INFO  nextflow.processor.TaskProcessor - [90/673725] Cached process > TRIM_READS_FASTP (379T)
Sep-28 12:03:32.711 [Actor Thread 20] INFO  nextflow.processor.TaskProcessor - [cb/225ee1] Cached process > QC_RAW (379T (raw))
Sep-28 12:03:32.745 [Actor Thread 20] DEBUG nextflow.util.ThreadPoolBuilder - Creating thread pool 'PublishDir' minSize=10; maxSize=144; workQueue=LinkedBlockingQueue[-1]; allowCoreThreadTimeout=false
Sep-28 12:03:32.747 [Actor Thread 28] INFO  nextflow.processor.TaskProcessor - [55/de0ace] Cached process > QC_TRIMMED (379T (trimmed))
Sep-28 12:03:32.749 [Actor Thread 31] INFO  nextflow.processor.TaskProcessor - [56/90da68] Cached process > ALIGN_READS_STAR (379T)
Sep-28 12:03:32.753 [main] DEBUG nextflow.Session - Session await > all processes finished
Sep-28 12:03:32.828 [Task monitor] DEBUG n.processor.TaskPollingMonitor - <<< barrier arrives (monitor: local) - terminating tasks monitor poll loop
Sep-28 12:03:32.828 [main] DEBUG nextflow.Session - Session await > all barriers passed
Sep-28 12:03:32.831 [main] DEBUG nextflow.util.ThreadPoolManager - Thread pool 'PublishDir' shutdown completed (hard=false)
Sep-28 12:03:32.836 [main] INFO  nextflow.script.BaseScript - Pipeline completed at: 2026-09-28T12:03:32.832150513Z
Sep-28 12:03:32.837 [main] INFO  nextflow.script.BaseScript - Execution status: OK
Sep-28 12:03:32.840 [main] INFO  nextflow.Nextflow - Duration: 1.6s
Sep-28 12:03:32.849 [main] DEBUG n.trace.WorkflowStatsObserver - Workflow completed > WorkflowStats[succeededCount=0; failedCount=0; ignoredCount=0; cachedCount=4; pendingCount=0; submittedCount=0; runningCount=0; retriesCount=0; abortedCount=0; succeedDuration=0ms; failedDuration=0ms; cachedDuration=7h 15m 20s;loadCpus=0; loadMemory=0; peakRunning=0; peakCpus=0; peakMemory=0; ]
Sep-28 12:03:33.031 [main] DEBUG nextflow.trace.ReportObserver - Workflow completed -- rendering execution report
Sep-28 12:03:33.879 [main] DEBUG nextflow.trace.TimelineObserver - Workflow completed -- rendering execution timeline
Sep-28 12:03:33.981 [main] DEBUG nextflow.trace.TraceFileObserver - Workflow completed -- saving trace file
Sep-28 12:03:33.988 [main] DEBUG nextflow.cache.CacheDB - Closing CacheDB done
Sep-28 12:03:33.998 [main] DEBUG nextflow.util.ThreadPoolManager - Thread pool 'FileTransfer' shutdown completed (hard=false)
Sep-28 12:03:33.999 [main] DEBUG nextflow.script.ScriptRunner - > Execution complete -- Goodbye
